#
# A fatal error has been detected by the Java Runtime Environment:
#
#  EXCEPTION_ACCESS_VIOLATION (0xc0000005) at pc=0x00007ffc264f1bd1, pid=45704, tid=11988
#
# JRE version:  (21.0.8+9) (build )
# Java VM: OpenJDK 64-Bit Server VM (21.0.8+9-LTS, mixed mode, sharing, tiered, compressed class ptrs, unknown gc, windows-amd64)
# Problematic frame:
# C  [jimage.dll+0x1bd1]
#
# No core dump will be written. Minidumps are not enabled by default on client versions of Windows
#
#

---------------  S U M M A R Y ------------

Command Line: 

Host: AMD Ryzen 9 9950X3D 16-Core Processor          , 32 cores, 93G,  Windows 11 , 64 bit Build 26100 (10.0.26100.9168)
Time: Thu Sep  3 23:26:10 2026 elapsed time: 0.026288 seconds (0d 0h 0m 0s)

---------------  T H R E A D  ---------------

Current thread is native thread

Stack: [0x000000fc9a300000,0x000000fc9a400000],  sp=0x000000fc9a3fd5b0,  free space=1013k
Native frames: (J=compiled Java code, j=interpreted, Vv=VM code, C=native code)
C  [jimage.dll+0x1bd1]
C  [jimage.dll+0x1d5f]
C  [jimage.dll+0x2641]
V  [jvm.dll+0x224ee0]
V  [jvm.dll+0xcb377]
V  [jvm.dll+0x86e03c]
V  [jvm.dll+0x45cfae]
V  [jvm.dll+0x45ec31]
C  [jli.dll+0x52ab]
C  [ucrtbase.dll+0x2cd30]
C  [KERNEL32.DLL+0x2ccb7]
C  [ntdll.dll+0xaad6c]


siginfo: EXCEPTION_ACCESS_VIOLATION (0xc0000005), reading address 0x000000000000090c


Registers:
RAX=0x000000000000023c, RBX=0x000000fc9a3fd6a1, RCX=0x00007ffc264f6000, RDX=0x000000000000023c
RSP=0x000000fc9a3fd5b0, RBP=0x000000fc9a3fd6a0, RSI=0x0000000000006f34, RDI=0x000000fc9a3fd6a0
R8 =0x00007ffc264f4288, R9 =0x000000000000001c, R10=0x00007ffc1dd30000, R11=0x00007ffc264f6000
R12=0x0000000000000000, R13=0x000000fc9a3ffb30, R14=0x000000fc9a3fe710, R15=0x00007ffb1471d4c0
RIP=0x00007ffc264f1bd1, EFLAGS=0x0000000000010212

XMM[0]=0x0000000000000000 0x0000000000000000
XMM[1]=0x2f6d762f6c616e72 0x65746e692f6b646a
XMM[2]=0x736e6f6974706f2f 0x6d762f6c616e7265
XMM[3]=0x0000000000000000 0x0000000000000000
XMM[4]=0x0000000000000000 0x0000000000000000
XMM[5]=0x0000000000000000 0x0000000000000000
XMM[6]=0x0000000000000000 0x0000000000000000
XMM[7]=0x0000000000000000 0x0000000000000000
XMM[8]=0x0000000000000000 0x0000000000000000
XMM[9]=0x0000000000000000 0x0000000000000000
XMM[10]=0x0000000000000000 0x0000000000000000
XMM[11]=0x0000000000000000 0x0000000000000000
XMM[12]=0x0000000000000000 0x0000000000000000
XMM[13]=0x0000000000000000 0x0000000000000000
XMM[14]=0x0000000000000000 0x0000000000000000
XMM[15]=0x0000000000000000 0x0000000000000000
  MXCSR=0x00001f80


Top of Stack: (sp=0x000000fc9a3fd5b0)
0x000000fc9a3fd5b0:   000002f50000003f 000000fc9a3fd61c
0x000000fc9a3fd5c0:   000000fc9a3fd5e0 000002f54caca802
0x000000fc9a3fd5d0:   000002f54ca9d260 00007ffc264f1d5f
0x000000fc9a3fd5e0:   000000000000000b 000002f54ca9d260
0x000000fc9a3fd5f0:   0000000000000200 000002f54caca9aa
0x000000fc9a3fd600:   000002f54ca93a60 00000000000000c1
0x000000fc9a3fd610:   0000000000000000 000000004ca80150
0x000000fc9a3fd620:   0000006b00000000 000002f54cb7d6e0
0x000000fc9a3fd630:   000002f54cb7d6e0 000000fc9a3fd6b0
0x000000fc9a3fd640:   00003d5db38b248e 00007ffc44b0cbcd
0x000000fc9a3fd650:   00007ffb146fadb0 0000000000000017
0x000000fc9a3fd660:   000002f54ca9d260 000000fc9a3fe710
0x000000fc9a3fd670:   000000000000000b 00007ffc264f2641
0x000000fc9a3fd680:   0000000000000001 00000000000000dc
0x000000fc9a3fd690:   000002f54caac270 0000000000000001
0x000000fc9a3fd6a0:   61622e6176616a2f 692f6b646a2f6573
0x000000fc9a3fd6b0:   2f6c616e7265746e 6f6974706f2f6d76
0x000000fc9a3fd6c0:   000000000000736e 000002f54ee523b0
0x000000fc9a3fd6d0:   0000000000005ec0 00007ffc44c16658
0x000000fc9a3fd6e0:   000002f54caac0b0 000002f54ca80150
0x000000fc9a3fd6f0:   000002f54ee58270 000002f54ca80000
0x000000fc9a3fd700:   000002f500000300 00000000000005ec
0x000000fc9a3fd710:   00000000000000d5 000002f54ee3a7c0
0x000000fc9a3fd720:   0000000101000000 00007f0100000001
0x000000fc9a3fd730:   000002f54ee523c0 0000000000000000
0x000000fc9a3fd740:   000000fc00000000 000002f54ee523b0
0x000000fc9a3fd750:   0000000000000000 0000000000000000
0x000000fc9a3fd760:   000002f500000000 000002f5003b003e
0x000000fc9a3fd770:   0000000000000000 000002f54ee523b0
0x000000fc9a3fd780:   000000fc9a3fe0a0 0000000000000001
0x000000fc9a3fd790:   0000000000000354 0000000000000036
0x000000fc9a3fd7a0:   0000000000000001 0000000000000354 

Instructions: (pc=0x00007ffc264f1bd1)
0x00007ffc264f1ad1:   48 85 c9 74 1d 80 3d 33 45 00 00 00 74 06 48 8b
0x00007ffc264f1ae1:   53 18 eb 04 48 8b 53 40 e8 b2 0e 00 00 48 83 63
0x00007ffc264f1af1:   48 00 8b 4b 0c 83 f9 ff 74 09 e8 e8 0c 00 00 83
0x00007ffc264f1b01:   4b 0c ff 48 8b 4b 70 48 85 c9 74 0f ba 10 00 00
0x00007ffc264f1b11:   00 e8 09 0f 00 00 48 83 63 70 00 48 83 c4 20 5b
0x00007ffc264f1b21:   c3 cc cc 40 53 48 83 ec 20 48 8b d9 48 8d 0d ec
0x00007ffc264f1b31:   46 00 00 e8 b7 0c 00 00 83 6b 08 01 75 24 48 8b
0x00007ffc264f1b41:   d3 48 8d 0d cf 44 00 00 e8 22 08 00 00 48 8b cb
0x00007ffc264f1b51:   e8 de fe ff ff ba 78 00 00 00 48 8b cb e8 bd 0e
0x00007ffc264f1b61:   00 00 48 8d 0d b6 46 00 00 48 83 c4 20 5b e9 84
0x00007ffc264f1b71:   0c 00 00 48 89 5c 24 08 48 89 74 24 10 57 48 83
0x00007ffc264f1b81:   ec 20 41 8b f1 4d 8b c8 48 8b fa 4c 8b d9 4d 85
0x00007ffc264f1b91:   c0 74 78 85 f6 74 74 44 8a 12 48 8d 5a 01 48 8b
0x00007ffc264f1ba1:   d3 b8 93 01 00 01 eb 12 69 c0 93 01 00 01 41 0f
0x00007ffc264f1bb1:   b6 ca 44 8a 12 33 c1 48 ff c2 45 84 d2 75 e9 4d
0x00007ffc264f1bc1:   8b 03 0f ba f0 1f 33 d2 49 8b cb f7 f6 48 63 c2
0x00007ffc264f1bd1:   41 8b 14 81 41 ff 50 08 85 c0 7e 24 8a 0f eb 10
0x00007ffc264f1be1:   69 c0 93 01 00 01 0f b6 c9 33 c1 8a 0b 48 ff c3
0x00007ffc264f1bf1:   84 c9 75 ec 0f ba f0 1f 33 d2 f7 f6 8b c2 eb 0e
0x00007ffc264f1c01:   79 09 83 c9 ff 2b c8 8b c1 eb 03 83 c8 ff 48 8b
0x00007ffc264f1c11:   5c 24 30 48 8b 74 24 38 48 83 c4 20 5f c3 cc 48
0x00007ffc264f1c21:   89 5c 24 08 48 89 74 24 10 57 48 83 ec 20 48 8b
0x00007ffc264f1c31:   f1 48 8d 0d e7 45 00 00 e8 b2 0b 00 00 33 ff 39
0x00007ffc264f1c41:   3d d2 43 00 00 76 24 48 8b 05 d1 43 00 00 48 8b
0x00007ffc264f1c51:   d6 48 8b 1c f8 48 8b 0b e8 7c 1e 00 00 85 c0 74
0x00007ffc264f1c61:   2b ff c7 3b 3d ae 43 00 00 72 dc 33 db 48 8d 0d
0x00007ffc264f1c71:   ab 45 00 00 e8 7e 0b 00 00 48 8b 74 24 38 48 8b
0x00007ffc264f1c81:   c3 48 8b 5c 24 30 48 83 c4 20 5f c3 ff 43 08 eb
0x00007ffc264f1c91:   dc cc cc 48 89 5c 24 08 48 89 74 24 10 57 48 83
0x00007ffc264f1ca1:   ec 20 48 8b d9 48 8b f2 48 8b 49 10 49 8b f8 8b
0x00007ffc264f1cb1:   53 30 48 8b 01 ff 50 20 4c 8b 43 50 48 8b d6 48
0x00007ffc264f1cc1:   8b 4b 10 44 8b c8 e8 a8 fe ff ff 83 f8 ff 74 38 



---------------  P R O C E S S  ---------------

VM state: not at safepoint (not fully initialized)

VM Mutex/Monitor currently owned by a thread: None

CDS archive(s) mapped at: [0x0000000000000000-0x0000000000000000-0x0000000000000000), size 0, SharedBaseAddress: 0x0000000800000000, ArchiveRelocationMode: 1.
Narrow klass base: 0x0000000000000000, Narrow klass shift: 0, Narrow klass range: 0x0

GC Precious Log:
<Not initialized>


Dynamic libraries:
0x00007ff712180000 - 0x00007ff7121f6000 	C:\Users\202365\AppData\Local\JetBrains\PyCharm2026.2\acp-agents\junie\1468.30.0\junie\junie.exe
0x00007ffc44b00000 - 0x00007ffc44d66000 	C:\WINDOWS\SYSTEM32\ntdll.dll
0x00007ffc43110000 - 0x00007ffc431d9000 	C:\WINDOWS\System32\KERNEL32.DLL
0x00007ffc42140000 - 0x00007ffc4253f000 	C:\WINDOWS\System32\KERNELBASE.dll
0x00007ffc444e0000 - 0x00007ffc446a6000 	C:\WINDOWS\System32\USER32.dll
0x00007ffc41e40000 - 0x00007ffc41e67000 	C:\WINDOWS\System32\win32u.dll
0x00007ffc44110000 - 0x00007ffc4413b000 	C:\WINDOWS\System32\GDI32.dll
0x00007ffc41d10000 - 0x00007ffc41e39000 	C:\WINDOWS\System32\gdi32full.dll
0x00007ffc41e70000 - 0x00007ffc41f13000 	C:\WINDOWS\System32\msvcp_win.dll
0x00007ffc41fe0000 - 0x00007ffc4212c000 	C:\WINDOWS\System32\ucrtbase.dll
0x00007ffc433a0000 - 0x00007ffc43b28000 	C:\WINDOWS\System32\SHELL32.dll
0x00007ffc44280000 - 0x00007ffc442b2000 	C:\WINDOWS\System32\IMM32.DLL
0x00007ffc431e0000 - 0x00007ffc432d9000 	C:\WINDOWS\System32\shcore.dll
0x00007ffc25c60000 - 0x00007ffc25c78000 	C:\Users\202365\AppData\Local\JetBrains\PyCharm2026.2\acp-agents\junie\1468.30.0\junie\runtime\bin\jli.dll
0x00007ffc40ee0000 - 0x00007ffc41171000 	C:\WINDOWS\WinSxS\amd64_microsoft.windows.common-controls_6595b64144ccf1df_6.0.26100.8972_none_3e0da176e32f9d4b\COMCTL32.dll
0x00007ffc446d0000 - 0x00007ffc44779000 	C:\WINDOWS\System32\msvcrt.dll
0x00007ffc1dd30000 - 0x00007ffc1dd4b000 	C:\Users\202365\AppData\Local\JetBrains\PyCharm2026.2\acp-agents\junie\1468.30.0\junie\runtime\bin\VCRUNTIME140.dll
0x00007ffc26560000 - 0x00007ffc2656c000 	C:\Users\202365\AppData\Local\JetBrains\PyCharm2026.2\acp-agents\junie\1468.30.0\junie\runtime\bin\vcruntime140_1.dll
0x00007ffc07800000 - 0x00007ffc0788d000 	C:\Users\202365\AppData\Local\JetBrains\PyCharm2026.2\acp-agents\junie\1468.30.0\junie\runtime\bin\msvcp140.dll
0x00007ffb13d00000 - 0x00007ffb14aa7000 	C:\Users\202365\AppData\Local\JetBrains\PyCharm2026.2\acp-agents\junie\1468.30.0\junie\runtime\bin\server\jvm.dll
0x00007ffc44030000 - 0x00007ffc440ec000 	C:\WINDOWS\System32\ADVAPI32.dll
0x00007ffc447f0000 - 0x00007ffc4489a000 	C:\WINDOWS\System32\sechost.dll
0x00007ffc44140000 - 0x00007ffc44258000 	C:\WINDOWS\System32\RPCRT4.dll
0x00007ffc43310000 - 0x00007ffc43392000 	C:\WINDOWS\System32\WS2_32.dll
0x00007ffc419b0000 - 0x00007ffc41a0e000 	C:\WINDOWS\SYSTEM32\POWRPROF.dll
0x00007ffc402d0000 - 0x00007ffc402db000 	C:\WINDOWS\SYSTEM32\VERSION.dll
0x00007ffc3ab50000 - 0x00007ffc3ab86000 	C:\WINDOWS\SYSTEM32\WINMM.dll
0x00007ffc41990000 - 0x00007ffc419a5000 	C:\WINDOWS\SYSTEM32\UMPDC.dll
0x00007ffc40d30000 - 0x00007ffc40d4b000 	C:\WINDOWS\SYSTEM32\kernel.appcore.dll
0x00007ffc264f0000 - 0x00007ffc264fa000 	C:\Users\202365\AppData\Local\JetBrains\PyCharm2026.2\acp-agents\junie\1468.30.0\junie\runtime\bin\jimage.dll
0x00007ffc41510000 - 0x00007ffc41752000 	C:\WINDOWS\SYSTEM32\DBGHELP.DLL
0x00007ffc43b30000 - 0x00007ffc43eb5000 	C:\WINDOWS\System32\combase.dll
0x00007ffc43f50000 - 0x00007ffc44029000 	C:\WINDOWS\System32\OLEAUT32.dll
0x00007ffc41400000 - 0x00007ffc4143b000 	C:\WINDOWS\SYSTEM32\dbgcore.DLL
0x00007ffc41f20000 - 0x00007ffc41fcc000 	C:\WINDOWS\System32\bcryptPrimitives.dll

JVMTI agents: none

dbghelp: loaded successfully - version: 4.0.5 - missing functions: none
symbol engine: initialized successfully - sym options: 0x614 - pdb path: .;C:\Users\202365\AppData\Local\JetBrains\PyCharm2026.2\acp-agents\junie\1468.30.0\junie;C:\WINDOWS\SYSTEM32;C:\Users\202365\AppData\Local\JetBrains\PyCharm2026.2\acp-agents\junie\1468.30.0\junie\runtime\bin;C:\WINDOWS\WinSxS\amd64_microsoft.windows.common-controls_6595b64144ccf1df_6.0.26100.8972_none_3e0da176e32f9d4b;C:\Users\202365\AppData\Local\JetBrains\PyCharm2026.2\acp-agents\junie\1468.30.0\junie\runtime\bin\server

VM Arguments:
java_command: <unknown>
java_class_path (initial): <not set>
Launcher Type: SUN_STANDARD

[Global flags]
     bool UseLargePagesIndividualAllocation        = false                                  {pd product} {ergonomic}

Logging:
Log output configuration:
 #0: stdout all=warning uptime,level,tags foldmultilines=false
 #1: stderr all=off uptime,level,tags foldmultilines=false

Environment Variables:
JAVA_HOME=C:\Program Files\Java\jdk-17\bin
PATH=C:\Program Files (x86)\VMware\VMware Workstation\bin\;C:\Program Files\Common Files\Oracle\Java\javapath;C:\Python313\Scripts\;C:\Python313\;C:\VulkanSDK\1.3.296.0\Bin;C:\Program Files (x86)\Common Files\Oracle\Java\java8path;C:\Program Files (x86)\Common Files\Oracle\Java\javapath;C:\Program Files (x86)\Razer Chroma SDK\bin;C:\Program Files\Razer Chroma SDK\bin;C:\Program Files (x86)\Razer\ChromaBroadcast\bin;C:\Program Files\Razer\ChromaBroadcast\bin;C:\Program Files (x86)\Common Files\Intel\Shared Libraries\redist\intel64\compiler;C:\WINDOWS\system32;C:\WINDOWS;C:\WINDOWS\System32\Wbem;C:\WINDOWS\System32\WindowsPowerShell\v1.0\;C:\WINDOWS\System32\OpenSSH\;C:\Program Files\Bandizip\;C:\Program Files\CMake\bin;C:\Program Files\MATLAB\R2022a\bin;C:\Program Files\LLVM\bin;C:\Program Files\dotnet\;C:\Users\202365\AppData\Local\Programs\Python\Python310\Scripts\;C:\Users\202365\AppData\Local\Programs\Python\Python310\;C:\Users\202365\.cargo\bin;C:\Users\202365\AppData\Local\Microsoft\WindowsApps;C:\Users\202365\AppData\Local\Programs\Microsoft VS Code\bin;C:\Users\202365\AppData\Roaming\npm;C:\Users\202365\AppData\Local\GitHubDesktop\bin;C:\Program Files\JetBrains\CLion 2022.3\bin;C:\mingw32\bin;C:\Program Files (x86)\GnuWin32\bin;C:\Program Files\nodejs\;C:\ProgramData\chocolatey\bin;C:\Program Files\Git\cmd;C:\Program Files\MySQL\MySQL Server 8.0\bin;C:\ffmpeg\bin;C:\Program Files\PuTTY\;C:\WINDOWS\system32;C:\WINDOWS;C:\WINDOWS\System32\Wbem;C:\WINDOWS\System32\WindowsPowerShell\v1.0\;C:\WINDOWS\System32\OpenSSH\;C:\Program Files\Docker\Docker\resources\bin;C:\Program Files (x86)\Windows Kits\10\Windows Performance Toolkit\;C:\Program Files\GitHub CLI\;C:\Program Files\JetBrains\IntelliJ IDEA 2024.2.3\bin;C:\Users\202365\AppData\Local\JetBrains\Toolbox\scripts;C:\Users\202365\.dotnet\tools;C:\texlive\2026\bin\windows;C:\Users\202365\AppData\Local\Programs\pdm\bin;C:\Users\202365\AppData\Local\JetBrains\PyCharm2026.2\acp-agents\junie\1468.30.0\junie\app
USERNAME=202365
OS=Windows_NT
PROCESSOR_IDENTIFIER=AMD64 Family 26 Model 68 Stepping 0, AuthenticAMD
TMP=C:\Users\202365\AppData\Local\Temp
TEMP=C:\Users\202365\AppData\Local\Temp




Periodic native trim disabled

---------------  S Y S T E M  ---------------

OS:
 Windows 11 , 64 bit Build 26100 (10.0.26100.9168)
OS uptime: 0 days 12:48 hours

CPU: total 32 (initial active 0) 
Processor Information for the first 32 processors :
  Max Mhz: 4300, Current Mhz: 4300, Mhz Limit: 4300

Memory: 4k page, system-wide physical 95890M (63731M free)
TotalPageFile size 102034M (AvailPageFile size 58457M)
current process WorkingSet (physical memory assigned to process): 12M, peak: 12M
current process commit charge ("private bytes"): 3M, peak: 3M

vm_info: OpenJDK 64-Bit Server VM (21.0.8+9-LTS) for windows-amd64 JRE (21.0.8+9-LTS), built on 2025-07-09T19:22:31Z by "Administrator" with MS VC++ 16.10 / 16.11 (VS2019)

END.
